Microchip MPLAB XC8 Compiler V2.30

Linker command line:

-W-3 --edf=C:\Program Files\Microchip\xc8\v2.30\pic\dat\en_msgs.txt -cn \
  -h+dist/default/debug\lab11_2.X.debug.sym \
  --cmf=dist/default/debug\lab11_2.X.debug.cmf -z -Q18F4520 \
  -oC:\Users\KU\AppData\Local\Temp\s6rgx2 --defsym=__MPLAB_BUILD=1 \
  -Mdist/default/debug/lab11_2.X.debug.map -E1 -ver=XC8 Compiler \
  --acfsm=1493 -ASTACK=0180h-05F3h -pstack=STACK -ACODE=00h-07DBFh \
  -ACONST=00h-07DBFh -ASMALLCONST=0600h-06FFhx119,07D00h-07DBFh \
  -AMEDIUMCONST=0600h-07DBFh -ACOMRAM=01h-07Fh -AABS1=00h-05F3h \
  -ABIGRAM=01h-05F3h -ARAM=080h-0FFh,0100h-01FFhx4,0500h-05F3h \
  -ABANK0=080h-0FFh -ABANK1=0100h-01FFh -ABANK2=0200h-02FFh \
  -ABANK3=0300h-03FFh -ABANK4=0400h-04FFh -ABANK5=0500h-05F3h \
  -ASFR=0F80h-0F9Bh,0F9Dh-0FD3h,0FD5h-0FDAh,0FE0h-0FE2h,0FE8h-0FEAh,0FF0h-0FFCh \
  -ACONFIG=0300000h-030000Dh -AIDLOC=0200000h-0200007h \
  -AEEDATA=0F00000h-0F000FFh -peeprom_data=EEDATA \
  -preset_vec=00h,intcode=08h,intcodelo=018h,powerup,init -pramtop=0600h \
  -psmallconst=SMALLCONST -pmediumconst=MEDIUMCONST -pconst=CONST \
  -AFARRAM=00h-00h \
  -prdata=COMRAM,nvrram=COMRAM,nvbit=COMRAM,rbss=COMRAM,rbit=COMRAM \
  -pfarbss=FARRAM,fardata=FARRAM,nvFARRAM=FARRAM \
  -pintsave_regs=BIGRAM,bigbss=BIGRAM,bigdata=BIGRAM -pbss=RAM \
  -pidata=CODE,irdata=CODE,ibigdata=CODE,ifardata=CODE -prparam=COMRAM \
  C:\Users\KU\AppData\Local\Temp\s6rgx8.o \
  dist/default/debug\lab11_2.X.debug.o 

Object code version is 3.11

Machine type is 18F4520



                Name                               Link     Load   Length Selector   Space Scale
C:\Users\KU\AppData\Local\Temp\s6rgx8.o
                idloc                            200000   200000        8        0       5
                config                           300000   300000        E        0       4
                init                                 6C       6C        4        C       0
                reset_vec                             0        0        4        0       0
dist/default/debug\lab11_2.X.debug.o
                intcodelo                            18       18       54        C       0
                intcode                               8        8        6        4       0
                idloc                            200000   200000        8        0       5
                config                           300000   300000        E        0       4
                temp                                 6B       6B        1        1       1
                smallconst                          600      600       28      300       0
                text21                              5CE      5CE       16        C       0
                text20                             7D58     7D58       56      314       0
                text19                             6B10     6B10      950      314       0
                text18                               70       70      196        C       0
                text17                             389E     389E     3272      314       0
                text16                              2C2      2C2       BA        C       0
                intcode_body                       7460     7460      8F8      314       0
                text14                              58A      58A       18        C       0
                text13                              37C      37C       B2        C       0
                text12                              4B4      4B4       46        C       0
                text10                              5B8      5B8       16        C       0
                text9                               5E4      5E4        C        C       0
                text8                               5F8      5F8        8        C       0
                text7                               5F0      5F0        8        C       0
                text6                               568      568       22        C       0
                text5                               5A2      5A2       16        C       0
                text4                               4FA      4FA       3C        C       0
                text3                              7DAE     7DAE        E      314       0
                text2                               628      628     3276      314       0
                text1                               206      206       BC        C       0
                text0                               42E      42E       86        C       0
                cstackCOMRAM                          1        1       3A        1       1
                cstackBANK0                          80       80       19       80       1
                bssBANK1                            100      100       80      100       1
                bssBANK0                             99       99       12       80       1
                bssCOMRAM                            3B       3B       2E        1       1
                cinit                               536      536       32        C       0
                nvCOMRAM                             69       69        2        1       1

TOTAL           Name                               Link     Load   Length     Space
        CLASS   STACK          

        CLASS   CODE           
                intcodelo                            18       18       54         0
                intcode                               8        8        6         0
                init                                 6C       6C        4         0
                reset_vec                             0        0        4         0
                text21                              5CE      5CE       16         0
                text20                             7D58     7D58       56         0
                text19                             6B10     6B10      950         0
                text18                               70       70      196         0
                text17                             389E     389E     3272         0
                text16                              2C2      2C2       BA         0
                intcode_body                       7460     7460      8F8         0
                text14                              58A      58A       18         0
                text13                              37C      37C       B2         0
                text12                              4B4      4B4       46         0
                text10                              5B8      5B8       16         0
                text9                               5E4      5E4        C         0
                text8                               5F8      5F8        8         0
                text7                               5F0      5F0        8         0
                text6                               568      568       22         0
                text5                               5A2      5A2       16         0
                text4                               4FA      4FA       3C         0
                text3                              7DAE     7DAE        E         0
                text2                               628      628     3276         0
                text1                               206      206       BC         0
                text0                               42E      42E       86         0
                cinit                               536      536       32         0

        CLASS   CONST          

        CLASS   SMALLCONST     
                smallconst                          600      600       28         0

        CLASS   MEDIUMCONST    

        CLASS   COMRAM         
                temp                                 6B       6B        1         1
                cstackCOMRAM                          1        1       3A         1
                bssCOMRAM                            3B       3B       2E         1
                nvCOMRAM                             69       69        2         1

        CLASS   ABS1           

        CLASS   BIGRAM         

        CLASS   RAM            

        CLASS   BANK0          
                cstackBANK0                          80       80       19         1
                bssBANK0                             99       99       12         1

        CLASS   BANK1          
                bssBANK1                            100      100       80         1

        CLASS   BANK2          

        CLASS   BANK3          

        CLASS   BANK4          

        CLASS   BANK5          

        CLASS   SFR            

        CLASS   CONFIG         
                config                           300000   300000        E         4

        CLASS   IDLOC          
                idloc                            200000   200000        8         5

        CLASS   EEDATA         

        CLASS   FARRAM         



SEGMENTS        Name                           Load    Length   Top    Selector   Space  Class

                reset_vec                      000000  000004  000004         0       0  CODE    
                cstackCOMRAM                   000001  00006B  00006C         1       1  COMRAM  
                intcode                        000008  000006  00000E         4       0  CODE    
                intcodelo                      000018  0005E8  000600         C       0  CODE    
                cstackBANK0                    000080  00002B  0000AB        80       1  BANK0   
                bssBANK1                       000100  000080  000180       100       1  BANK1   
                smallconst                     000600  000028  000628       300       0  SMALLCON
                text2                          000628  007794  007DBC       314       0  CODE    


UNUSED ADDRESS RANGES

        Name                Unused          Largest block    Delta
        BANK0            0000AB-0000FF               55
        BANK1            000180-0001FF               80
        BANK2            000200-0002FF              100
        BANK3            000300-0003FF              100
        BANK4            000400-0004FF              100
        BANK5            000500-0005F3               F4
        BIGRAM           00006C-00007F               14
                         0000AB-0000FF               55
                         000180-0005F3              474
        CODE             000004-000007                4
                         00000E-000017                A
                         007DBC-007DBF                4
        COMRAM           00006C-00007F               14
        CONST            000004-000007                4
                         00000E-000017                A
                         007DBC-007DBF                4
        EEDATA           F00000-F000FF              100
        MEDIUMCONST      007DBC-007DBF                4
        RAM              0000AB-0000FF               55
                         000180-0005F3              100
        SFR              000F80-000F9B               1C
                         000F9D-000FD3               37
                         000FD5-000FDA                6
                         000FE0-000FE2                3
                         000FE8-000FEA                3
                         000FF0-000FFC                D
        SMALLCONST       007DBC-007DBF                4
        STACK            000180-0005F3              474

                                  Symbol Table

?___awmod                         cstackBANK0  000080
?_judge                           cstackCOMRAM 000001
Hi_ISR@i                          cstackCOMRAM 000033
Hi_ISR@i_1597                     cstackCOMRAM 000037
Hi_ISR@i_1604                     cstackCOMRAM 00002F
Hi_ISR@j                          cstackCOMRAM 000035
Hi_ISR@j_1598                     cstackCOMRAM 000039
Hi_ISR@j_1605                     cstackCOMRAM 000031
Hi_ISR@k                          cstackCOMRAM 000029
Hi_ISR@k_1599                     cstackCOMRAM 00002B
Hi_ISR@outcome                    cstackCOMRAM 00002D
UART_Write@data                   cstackBANK0  000080
UART_Write_Text@i                 cstackCOMRAM 000006
UART_Write_Text@text              cstackCOMRAM 000002
_ADCON0bits                       (abs)        000FC2
_ADCON1                           (abs)        000FC1
_ADCON2bits                       (abs)        000FC0
_ADC_Initialize                   text10       0005B8
_ADFM                             (abs)        007E07
_ADRESH                           (abs)        000FC4
_ADRESL                           (abs)        000FC3
_BAUDCONbits                      (abs)        000FB8
_CCP1CON                          (abs)        000FBD
_CCP1_Initialize                  text9        0005E4
_CREN                             (abs)        007D5C
_Hi_ISR                           intcode      000008
_INTCON3bits                      (abs)        000FF0
_INTCONbits                       (abs)        000FF2
_INTERRUPT_Initialize             text8        0005F8
_IPR1bits                         (abs)        000F9F
_IRCF0                            (abs)        007E9C
_IRCF1                            (abs)        007E9D
_IRCF2                            (abs)        007E9E
_Lo_ISR                           intcodelo    000018
_MyusartRead                      text12       0004B4
_OSCILLATOR_Initialize            text7        0005F0
_PIE1bits                         (abs)        000F9D
_PIR1bits                         (abs)        000F9E
_PORTAbits                        (abs)        000F80
_PORTB                            (abs)        000F81
_PORTBbits                        (abs)        000F81
_PORTCbits                        (abs)        000F82
_PORTDbits                        (abs)        000F83
_PORTEbits                        (abs)        000F84
_RC2                              (abs)        007C12
_RCIF                             (abs)        007CF5
_RCONbits                         (abs)        000FD0
_RCREG                            (abs)        000FAE
_RCSTAbits                        (abs)        000FAB
_SPBRG                            (abs)        000FAF
_SYSTEM_Initialize                text5        0005A2
_TMR3                             (abs)        000FB2
_TRISA                            (abs)        000F92
_TRISAbits                        (abs)        000F92
_TRISB                            (abs)        000F93
_TRISBbits                        (abs)        000F93
_TRISCbits                        (abs)        000F94
_TRISDbits                        (abs)        000F95
_TRISEbits                        (abs)        000F96
_TXREG                            (abs)        000FAD
_TXSTAbits                        (abs)        000FAC
_UART_Initialize                  text6        000568
_UART_Write                       text14       00058A
_UART_Write_Text                  text20       007D58
__HRAM                            (abs)        000000
__Habs1                           abs1         000000
__Hbank0                          bank0        000000
__Hbank1                          bank1        000000
__Hbank2                          bank2        000000
__Hbank3                          bank3        000000
__Hbank4                          bank4        000000
__Hbank5                          bank5        000000
__Hbigbss                         bigbss       000000
__Hbigdata                        bigdata      000000
__Hbigram                         bigram       000000
__Hbss                            bss          000000
__HbssBANK0                       bssBANK0     000000
__HbssBANK1                       bssBANK1     000000
__HbssCOMRAM                      bssCOMRAM    000000
__Hcinit                          cinit        000000
__Hclrtext                        clrtext      000000
__Hcomram                         comram       000000
__Hconfig                         config       30000E
__Hconst                          const        000000
__HcstackBANK0                    cstackBANK0  000000
__HcstackCOMRAM                   cstackCOMRAM 000000
__Hdata                           data         000000
__Heeprom_data                    eeprom_data  000000
__Hfarbss                         farbss       000000
__Hfardata                        fardata      000000
__Hibigdata                       ibigdata     000000
__Hidata                          idata        000000
__Hidloc                          idloc        200008
__Hifardata                       ifardata     000000
__Hinit                           init         000070
__Hintcode                        intcode      00000E
__Hintcode_body                   intcode_body 000000
__Hintcodelo                      intcodelo    00006C
__Hintentry                       intentry     000000
__Hintret                         intret       000000
__Hintsave_regs                   intsave_regs 000000
__Hirdata                         irdata       000000
__Hmediumconst                    mediumconst  000000
__HnvCOMRAM                       nvCOMRAM     000000
__HnvFARRAM                       nvFARRAM     000000
__Hnvbit                          nvbit        000000
__Hnvrram                         nvrram       000000
__Hparam                          rparam       000000
__Hpowerup                        powerup      00006C
__Hram                            ram          000000
__Hramtop                         ramtop       000600
__Hrbit                           rbit         000000
__Hrbss                           rbss         000000
__Hrdata                          rdata        000000
__Hreset_vec                      reset_vec    000004
__Hrparam                         rparam       000000
__Hsfr                            sfr          000000
__Hsmallconst                     smallconst   000628
__Hspace_0                        (abs)        007DBC
__Hspace_1                        (abs)        000180
__Hspace_2                        (abs)        000000
__Hspace_4                        (abs)        60000E
__Hstack                          stack        000000
__Hstruct                         struct       000000
__Htemp                           temp         00006C
__Htext                           text         000000
__Htext0                          text0        000000
__Htext1                          text1        000000
__Htext10                         text10       000000
__Htext12                         text12       000000
__Htext13                         text13       000000
__Htext14                         text14       000000
__Htext16                         text16       000000
__Htext17                         text17       000000
__Htext18                         text18       000000
__Htext19                         text19       000000
__Htext2                          text2        000000
__Htext20                         text20       000000
__Htext21                         text21       000000
__Htext3                          text3        000000
__Htext4                          text4        000000
__Htext5                          text5        000000
__Htext6                          text6        000000
__Htext7                          text7        000000
__Htext8                          text8        000000
__Htext9                          text9        000000
__LRAM                            (abs)        000001
__Labs1                           abs1         000000
__Lbank0                          bank0        000000
__Lbank1                          bank1        000000
__Lbank2                          bank2        000000
__Lbank3                          bank3        000000
__Lbank4                          bank4        000000
__Lbank5                          bank5        000000
__Lbigbss                         bigbss       000000
__Lbigdata                        bigdata      000000
__Lbigram                         bigram       000000
__Lbss                            bss          000000
__LbssBANK0                       bssBANK0     000000
__LbssBANK1                       bssBANK1     000000
__LbssCOMRAM                      bssCOMRAM    000000
__Lcinit                          cinit        000000
__Lclrtext                        clrtext      000000
__Lcomram                         comram       000000
__Lconfig                         config       000000
__Lconst                          const        000000
__LcstackBANK0                    cstackBANK0  000000
__LcstackCOMRAM                   cstackCOMRAM 000000
__Ldata                           data         000000
__Leeprom_data                    eeprom_data  000000
__Lfarbss                         farbss       000000
__Lfardata                        fardata      000000
__Libigdata                       ibigdata     000000
__Lidata                          idata        000000
__Lidloc                          idloc        000000
__Lifardata                       ifardata     000000
__Linit                           init         00006C
__Lintcode                        intcode      000008
__Lintcode_body                   intcode_body 000000
__Lintcodelo                      intcodelo    000018
__Lintentry                       intentry     000000
__Lintret                         intret       000000
__Lintsave_regs                   intsave_regs 000000
__Lirdata                         irdata       000000
__Lmediumconst                    mediumconst  000000
__LnvCOMRAM                       nvCOMRAM     000000
__LnvFARRAM                       nvFARRAM     000000
__Lnvbit                          nvbit        000000
__Lnvrram                         nvrram       000000
__Lparam                          rparam       000000
__Lpowerup                        powerup      00006C
__Lram                            ram          000000
__Lramtop                         ramtop       000600
__Lrbit                           rbit         000000
__Lrbss                           rbss         000000
__Lrdata                          rdata        000000
__Lreset_vec                      reset_vec    000000
__Lrparam                         rparam       000000
__Lsfr                            sfr          000000
__Lsmallconst                     smallconst   000600
__Lspace_0                        (abs)        000000
__Lspace_1                        (abs)        000000
__Lspace_2                        (abs)        000000
__Lspace_4                        (abs)        000000
__Lstack                          stack        000000
__Lstruct                         struct       000000
__Ltemp                           temp         00006B
__Ltext                           text         000000
__Ltext0                          text0        000000
__Ltext1                          text1        000000
__Ltext10                         text10       000000
__Ltext12                         text12       000000
__Ltext13                         text13       000000
__Ltext14                         text14       000000
__Ltext16                         text16       000000
__Ltext17                         text17       000000
__Ltext18                         text18       000000
__Ltext19                         text19       000000
__Ltext2                          text2        000000
__Ltext20                         text20       000000
__Ltext21                         text21       000000
__Ltext3                          text3        000000
__Ltext4                          text4        000000
__Ltext5                          text5        000000
__Ltext6                          text6        000000
__Ltext7                          text7        000000
__Ltext8                          text8        000000
__Ltext9                          text9        000000
__S0                              (abs)        007DBC
__S1                              (abs)        000180
__S2                              (abs)        000000
__S4                              (abs)        000000
__S5                              (abs)        000000
___awmod                          text13       00037C
___awmod@counter                  cstackBANK0  000084
___awmod@dividend                 cstackBANK0  000080
___awmod@divisor                  cstackBANK0  000082
___awmod@sign                     cstackBANK0  000085
___inthi_sp                       stack        000000
___intlo_sp                       stack        000000
___param_bank                     (abs)        000000
___rparam_used                    (abs)        000001
___sp                             stack        000000
__accesstop                       (abs)        000080
__activetblptr                    (abs)        000002
__end_of_ADC_Initialize           text10       0005CE
__end_of_CCP1_Initialize          text9        0005F0
__end_of_Hi_ISR                   intcode_body 007D58
__end_of_INTERRUPT_Initialize     text8        000600
__end_of_Lo_ISR                   intcodelo    00006C
__end_of_MyusartRead              text12       0004FA
__end_of_OSCILLATOR_Initialize    text7        0005F8
__end_of_SYSTEM_Initialize        text5        0005B8
__end_of_UART_Initialize          text6        00058A
__end_of_UART_Write               text14       0005A2
__end_of_UART_Write_Text          text20       007DAE
__end_of___awmod                  text13       00042E
__end_of__initialization          cinit        00055A
__end_of_input_output_initialize  text4        000536
__end_of_interrupt_initialize     text3        007DBC
__end_of_judge                    text19       007460
__end_of_main                     text0        0004B4
__end_of_show                     text2        00389E
__end_of_update                   text1        0002C2
__end_of_win                      text18       000206
__end_ofi2_UART_Write             text21       0005E4
__end_ofi2_show                   text17       006B10
__end_ofi2_update                 text16       00037C
__initialization                  cinit        000536
__mediumconst                     mediumconst  000000
__pbssBANK0                       bssBANK0     000099
__pbssBANK1                       bssBANK1     000100
__pbssCOMRAM                      bssCOMRAM    00003B
__pcinit                          cinit        000536
__pcstackBANK0                    cstackBANK0  000080
__pcstackCOMRAM                   cstackCOMRAM 000001
__pintcode                        intcode      000008
__pintcode_body                   intcode_body 007460
__pintcodelo                      intcodelo    000018
__pnvCOMRAM                       nvCOMRAM     000069
__psmallconst                     smallconst   000600
__ptext0                          text0        00042E
__ptext1                          text1        000206
__ptext10                         text10       0005B8
__ptext12                         text12       0004B4
__ptext13                         text13       00037C
__ptext14                         text14       00058A
__ptext16                         text16       0002C2
__ptext17                         text17       00389E
__ptext18                         text18       000070
__ptext19                         text19       006B10
__ptext2                          text2        000628
__ptext20                         text20       007D58
__ptext21                         text21       0005CE
__ptext3                          text3        007DAE
__ptext4                          text4        0004FA
__ptext5                          text5        0005A2
__ptext6                          text6        000568
__ptext7                          text7        0005F0
__ptext8                          text8        0005F8
__ptext9                          text9        0005E4
__ramtop                          ramtop       000600
__size_of_ADC_Initialize          (abs)        000000
__size_of_CCP1_Initialize         (abs)        000000
__size_of_Hi_ISR                  (abs)        000000
__size_of_INTERRUPT_Initialize    (abs)        000000
__size_of_Lo_ISR                  (abs)        000000
__size_of_MyusartRead             (abs)        000000
__size_of_OSCILLATOR_Initialize   (abs)        000000
__size_of_SYSTEM_Initialize       (abs)        000000
__size_of_UART_Initialize         (abs)        000000
__size_of_UART_Write              (abs)        000000
__size_of_UART_Write_Text         (abs)        000000
__size_of___awmod                 (abs)        000000
__size_of_input_output_initialize (abs)        000000
__size_of_interrupt_initialize    (abs)        000000
__size_of_judge                   (abs)        000000
__size_of_main                    (abs)        000000
__size_of_show                    (abs)        000000
__size_of_update                  (abs)        000000
__size_of_win                     (abs)        000000
__size_ofi2_UART_Write            (abs)        000000
__size_ofi2_show                  (abs)        000000
__size_ofi2_update                (abs)        000000
__smallconst                      smallconst   000600
_input_output_initialize          text4        0004FA
_interrupt_initialize             text3        007DAE
_judge                            text19       006B10
_lenStr                           bssCOMRAM    000053
_main                             text0        00042E
_map                              bssBANK1     000100
_mystring                         bssCOMRAM    000055
_nowpos                           bssBANK0     0000A9
_pos                              bssBANK0     000099
_show                             text2        000628
_str                              bssCOMRAM    00003B
_temp                             bssCOMRAM    000051
_turn                             nvCOMRAM     000069
_update                           text1        000206
_win                              text18       000070
_winflag                          bssCOMRAM    00004F
btemp                             temp         00006B
end_of_initialization             cinit        00055A
i2UART_Write@data                 cstackCOMRAM 000001
i2_UART_Write                     text21       0005CE
i2_show                           text17       00389E
i2_update                         text16       0002C2
i2show@i                          cstackCOMRAM 000005
i2update@i                        cstackCOMRAM 000007
i2update@j                        cstackCOMRAM 000009
int$flags                         temp         00006B
int_func                          intcode_body 007460
intlevel0                         text         000000
intlevel1                         text         000000
intlevel2                         text         000000
intlevel3                         text         000000
judge@check_count                 cstackCOMRAM 000019
judge@i                           cstackCOMRAM 00001B
judge@j                           cstackCOMRAM 00001D
judge@k                           cstackCOMRAM 000009
judge@k_1572                      cstackCOMRAM 00000D
judge@k_1574                      cstackCOMRAM 000011
judge@k_1576                      cstackCOMRAM 000015
judge@l                           cstackCOMRAM 00000B
judge@l_1573                      cstackCOMRAM 00000F
judge@l_1575                      cstackCOMRAM 000013
judge@l_1577                      cstackCOMRAM 000017
show@i                            cstackBANK0  00008F
stackhi                           (abs)        0005F3
stacklo                           (abs)        000180
start                             init         00006C
start_initialization              cinit        000536
ttemp5                            temp         00006C
ttemp6                            temp         00006F
ttemp7                            temp         000073
update@i                          cstackBANK0  000091
update@j                          cstackBANK0  000093
win@i                             cstackCOMRAM 000005
win@player                        cstackCOMRAM 000001
wtemp8                            temp         00006C


FUNCTION INFORMATION:

 *************** function _main *****************
 Defined at:
		line 36 in file "main.c"
 Parameters:    Size  Location     Type
		None
 Auto vars:     Size  Location     Type
		None
 Return value:  Size  Location     Type
                  1    wreg      void 
 Registers used:
		wreg, fsr2l, fsr2h, status,2, status,0, cstack
 Tracked objects:
		On entry : 
		On exit  : 
		Unchanged: 
 Data sizes:     COMRAM   BANK0   BANK1   BANK2   BANK3   BANK4   BANK5
      Params:         0       0       0       0       0       0       0
      Locals:         0       0       0       0       0       0       0
      Temps:          0       4       0       0       0       0       0
      Totals:         0       4       0       0       0       0       0
Total ram usage:        4 bytes
 Hardware stack levels required when called:    8
 This function calls:
		_SYSTEM_Initialize
		_input_output_initialize
		_interrupt_initialize
		_show
		_update
 This function is called by:
		Startup code after reset
 This function uses a non-reentrant model


 *************** function _update *****************
 Defined at:
		line 1362 in file "main.c"
 Parameters:    Size  Location     Type
		None
 Auto vars:     Size  Location     Type
  j               2   19[BANK0 ] int 
  i               2   17[BANK0 ] int 
 Return value:  Size  Location     Type
                  2  134[None  ] int 
 Registers used:
		wreg, fsr2l, fsr2h, status,2, status,0
 Tracked objects:
		On entry : 
		On exit  : 
		Unchanged: 
 Data sizes:     COMRAM   BANK0   BANK1   BANK2   BANK3   BANK4   BANK5
      Params:         0       0       0       0       0       0       0
      Locals:         0       4       0       0       0       0       0
      Temps:          0       6       0       0       0       0       0
      Totals:         0      10       0       0       0       0       0
Total ram usage:       10 bytes
 Hardware stack levels used:    1
 Hardware stack levels required when called:    6
 This function calls:
		Nothing
 This function is called by:
		_main
 This function uses a non-reentrant model


 *************** function _show *****************
 Defined at:
		line 148 in file "main.c"
 Parameters:    Size  Location     Type
		None
 Auto vars:     Size  Location     Type
  i               2   15[BANK0 ] int 
 Return value:  Size  Location     Type
                  1    wreg      void 
 Registers used:
		wreg, fsr2l, fsr2h, status,2, status,0
 Tracked objects:
		On entry : 
		On exit  : 
		Unchanged: 
 Data sizes:     COMRAM   BANK0   BANK1   BANK2   BANK3   BANK4   BANK5
      Params:         0       0       0       0       0       0       0
      Locals:         0       2       0       0       0       0       0
      Temps:          0       4       0       0       0       0       0
      Totals:         0       6       0       0       0       0       0
Total ram usage:        6 bytes
 Hardware stack levels used:    1
 Hardware stack levels required when called:    6
 This function calls:
		Nothing
 This function is called by:
		_main
 This function uses a non-reentrant model


 *************** function _interrupt_initialize *****************
 Defined at:
		line 67 in file "main.c"
 Parameters:    Size  Location     Type
		None
 Auto vars:     Size  Location     Type
		None
 Return value:  Size  Location     Type
                  1    wreg      void 
 Registers used:
		None
 Tracked objects:
		On entry : 
		On exit  : 
		Unchanged: 
 Data sizes:     COMRAM   BANK0   BANK1   BANK2   BANK3   BANK4   BANK5
      Params:         0       0       0       0       0       0       0
      Locals:         0       0       0       0       0       0       0
      Temps:          0       0       0       0       0       0       0
      Totals:         0       0       0       0       0       0       0
Total ram usage:        0 bytes
 Hardware stack levels used:    1
 Hardware stack levels required when called:    6
 This function calls:
		Nothing
 This function is called by:
		_main
 This function uses a non-reentrant model


 *************** function _input_output_initialize *****************
 Defined at:
		line 79 in file "main.c"
 Parameters:    Size  Location     Type
		None
 Auto vars:     Size  Location     Type
		None
 Return value:  Size  Location     Type
                  1    wreg      void 
 Registers used:
		wreg, status,2
 Tracked objects:
		On entry : 
		On exit  : 
		Unchanged: 
 Data sizes:     COMRAM   BANK0   BANK1   BANK2   BANK3   BANK4   BANK5
      Params:         0       0       0       0       0       0       0
      Locals:         0       0       0       0       0       0       0
      Temps:          0       0       0       0       0       0       0
      Totals:         0       0       0       0       0       0       0
Total ram usage:        0 bytes
 Hardware stack levels used:    1
 Hardware stack levels required when called:    6
 This function calls:
		Nothing
 This function is called by:
		_main
 This function uses a non-reentrant model


 *************** function _SYSTEM_Initialize *****************
 Defined at:
		line 60 in file "setting_hardaware/setting.c"
 Parameters:    Size  Location     Type
		None
 Auto vars:     Size  Location     Type
		None
 Return value:  Size  Location     Type
                  1    wreg      void 
 Registers used:
		wreg, status,2, cstack
 Tracked objects:
		On entry : 
		On exit  : 
		Unchanged: 
 Data sizes:     COMRAM   BANK0   BANK1   BANK2   BANK3   BANK4   BANK5
      Params:         0       0       0       0       0       0       0
      Locals:         0       0       0       0       0       0       0
      Temps:          0       0       0       0       0       0       0
      Totals:         0       0       0       0       0       0       0
Total ram usage:        0 bytes
 Hardware stack levels used:    1
 Hardware stack levels required when called:    7
 This function calls:
		_ADC_Initialize
		_CCP1_Initialize
		_INTERRUPT_Initialize
		_OSCILLATOR_Initialize
		_UART_Initialize
 This function is called by:
		_main
 This function uses a non-reentrant model


 *************** function _UART_Initialize *****************
 Defined at:
		line 7 in file "setting_hardaware/uart.c"
 Parameters:    Size  Location     Type
		None
 Auto vars:     Size  Location     Type
		None
 Return value:  Size  Location     Type
                  1    wreg      void 
 Registers used:
		wreg, status,2
 Tracked objects:
		On entry : 
		On exit  : 
		Unchanged: 
 Data sizes:     COMRAM   BANK0   BANK1   BANK2   BANK3   BANK4   BANK5
      Params:         0       0       0       0       0       0       0
      Locals:         0       0       0       0       0       0       0
      Temps:          0       0       0       0       0       0       0
      Totals:         0       0       0       0       0       0       0
Total ram usage:        0 bytes
 Hardware stack levels used:    1
 Hardware stack levels required when called:    6
 This function calls:
		Nothing
 This function is called by:
		_SYSTEM_Initialize
 This function uses a non-reentrant model


 *************** function _OSCILLATOR_Initialize *****************
 Defined at:
		line 73 in file "setting_hardaware/setting.c"
 Parameters:    Size  Location     Type
		None
 Auto vars:     Size  Location     Type
		None
 Return value:  Size  Location     Type
                  1    wreg      void 
 Registers used:
		None
 Tracked objects:
		On entry : 
		On exit  : 
		Unchanged: 
 Data sizes:     COMRAM   BANK0   BANK1   BANK2   BANK3   BANK4   BANK5
      Params:         0       0       0       0       0       0       0
      Locals:         0       0       0       0       0       0       0
      Temps:          0       0       0       0       0       0       0
      Totals:         0       0       0       0       0       0       0
Total ram usage:        0 bytes
 Hardware stack levels used:    1
 Hardware stack levels required when called:    6
 This function calls:
		Nothing
 This function is called by:
		_SYSTEM_Initialize
 This function uses a non-reentrant model


 *************** function _INTERRUPT_Initialize *****************
 Defined at:
		line 3 in file "setting_hardaware/interrupt_manager.c"
 Parameters:    Size  Location     Type
		None
 Auto vars:     Size  Location     Type
		None
 Return value:  Size  Location     Type
                  1    wreg      void 
 Registers used:
		None
 Tracked objects:
		On entry : 
		On exit  : 
		Unchanged: 
 Data sizes:     COMRAM   BANK0   BANK1   BANK2   BANK3   BANK4   BANK5
      Params:         0       0       0       0       0       0       0
      Locals:         0       0       0       0       0       0       0
      Temps:          0       0       0       0       0       0       0
      Totals:         0       0       0       0       0       0       0
Total ram usage:        0 bytes
 Hardware stack levels used:    1
 Hardware stack levels required when called:    6
 This function calls:
		Nothing
 This function is called by:
		_SYSTEM_Initialize
 This function uses a non-reentrant model


 *************** function _CCP1_Initialize *****************
 Defined at:
		line 3 in file "setting_hardaware/ccp1.c"
 Parameters:    Size  Location     Type
		None
 Auto vars:     Size  Location     Type
		None
 Return value:  Size  Location     Type
                  1    wreg      void 
 Registers used:
		wreg, status,2
 Tracked objects:
		On entry : 
		On exit  : 
		Unchanged: 
 Data sizes:     COMRAM   BANK0   BANK1   BANK2   BANK3   BANK4   BANK5
      Params:         0       0       0       0       0       0       0
      Locals:         0       0       0       0       0       0       0
      Temps:          0       0       0       0       0       0       0
      Totals:         0       0       0       0       0       0       0
Total ram usage:        0 bytes
 Hardware stack levels used:    1
 Hardware stack levels required when called:    6
 This function calls:
		Nothing
 This function is called by:
		_SYSTEM_Initialize
 This function uses a non-reentrant model


 *************** function _ADC_Initialize *****************
 Defined at:
		line 3 in file "setting_hardaware/adc.c"
 Parameters:    Size  Location     Type
		None
 Auto vars:     Size  Location     Type
		None
 Return value:  Size  Location     Type
                  1    wreg      void 
 Registers used:
		wreg, status,2
 Tracked objects:
		On entry : 
		On exit  : 
		Unchanged: 
 Data sizes:     COMRAM   BANK0   BANK1   BANK2   BANK3   BANK4   BANK5
      Params:         0       0       0       0       0       0       0
      Locals:         0       0       0       0       0       0       0
      Temps:          0       0       0       0       0       0       0
      Totals:         0       0       0       0       0       0       0
Total ram usage:        0 bytes
 Hardware stack levels used:    1
 Hardware stack levels required when called:    6
 This function calls:
		Nothing
 This function is called by:
		_SYSTEM_Initialize
 This function uses a non-reentrant model


 *************** function _Lo_ISR *****************
 Defined at:
		line 74 in file "setting_hardaware/uart.c"
 Parameters:    Size  Location     Type
		None
 Auto vars:     Size  Location     Type
		None
 Return value:  Size  Location     Type
                  1    wreg      void 
 Registers used:
		wreg, fsr2l, fsr2h, status,2, status,0, cstack
 Tracked objects:
		On entry : 
		On exit  : 
		Unchanged: 
 Data sizes:     COMRAM   BANK0   BANK1   BANK2   BANK3   BANK4   BANK5
      Params:         0       0       0       0       0       0       0
      Locals:         0       0       0       0       0       0       0
      Temps:          0       5       0       0       0       0       0
      Totals:         0       5       0       0       0       0       0
Total ram usage:        5 bytes
 Hardware stack levels used:    1
 Hardware stack levels required when called:    5
 This function calls:
		_MyusartRead
 This function is called by:
		Interrupt level 1
 This function uses a non-reentrant model


 *************** function _MyusartRead *****************
 Defined at:
		line 61 in file "setting_hardaware/uart.c"
 Parameters:    Size  Location     Type
		None
 Auto vars:     Size  Location     Type
		None
 Return value:  Size  Location     Type
                  1    wreg      void 
 Registers used:
		wreg, fsr2l, fsr2h, status,2, status,0, cstack
 Tracked objects:
		On entry : 
		On exit  : 
		Unchanged: 
 Data sizes:     COMRAM   BANK0   BANK1   BANK2   BANK3   BANK4   BANK5
      Params:         0       0       0       0       0       0       0
      Locals:         0       0       0       0       0       0       0
      Temps:          0       0       0       0       0       0       0
      Totals:         0       0       0       0       0       0       0
Total ram usage:        0 bytes
 Hardware stack levels used:    1
 Hardware stack levels required when called:    4
 This function calls:
		_UART_Write
		___awmod
 This function is called by:
		_Lo_ISR
 This function uses a non-reentrant model


 *************** function ___awmod *****************
 Defined at:
		line 7 in file "C:\Program Files\Microchip\xc8\v2.30\pic\sources\c99\common\awmod.c"
 Parameters:    Size  Location     Type
  dividend        2    0[BANK0 ] int 
  divisor         2    2[BANK0 ] int 
 Auto vars:     Size  Location     Type
  sign            1    5[BANK0 ] unsigned char 
  counter         1    4[BANK0 ] unsigned char 
 Return value:  Size  Location     Type
                  2    0[BANK0 ] int 
 Registers used:
		wreg, status,2, status,0
 Tracked objects:
		On entry : 
		On exit  : 
		Unchanged: 
 Data sizes:     COMRAM   BANK0   BANK1   BANK2   BANK3   BANK4   BANK5
      Params:         0       4       0       0       0       0       0
      Locals:         0       2       0       0       0       0       0
      Temps:          0       0       0       0       0       0       0
      Totals:         0       6       0       0       0       0       0
Total ram usage:        6 bytes
 Hardware stack levels used:    1
 Hardware stack levels required when called:    3
 This function calls:
		Nothing
 This function is called by:
		_MyusartRead
 This function uses a non-reentrant model


 *************** function _UART_Write *****************
 Defined at:
		line 40 in file "setting_hardaware/uart.c"
 Parameters:    Size  Location     Type
  data            1    wreg     unsigned char 
 Auto vars:     Size  Location     Type
  data            1    0[BANK0 ] unsigned char 
 Return value:  Size  Location     Type
                  1    wreg      void 
 Registers used:
		wreg
 Tracked objects:
		On entry : 
		On exit  : 
		Unchanged: 
 Data sizes:     COMRAM   BANK0   BANK1   BANK2   BANK3   BANK4   BANK5
      Params:         0       0       0       0       0       0       0
      Locals:         0       1       0       0       0       0       0
      Temps:          0       0       0       0       0       0       0
      Totals:         0       1       0       0       0       0       0
Total ram usage:        1 bytes
 Hardware stack levels used:    1
 Hardware stack levels required when called:    3
 This function calls:
		Nothing
 This function is called by:
		_MyusartRead
 This function uses a non-reentrant model


 *************** function _Hi_ISR *****************
 Defined at:
		line 1376 in file "main.c"
 Parameters:    Size  Location     Type
		None
 Auto vars:     Size  Location     Type
  j               2   48[COMRAM] int 
  i               2   46[COMRAM] int 
  j               2   56[COMRAM] int 
  i               2   54[COMRAM] int 
  k               2   42[COMRAM] int 
  j               2   52[COMRAM] int 
  i               2   50[COMRAM] int 
  k               2   40[COMRAM] int 
  outcome         2   44[COMRAM] int 
 Return value:  Size  Location     Type
                  1    wreg      void 
 Registers used:
		wreg, fsr2l, fsr2h, status,2, status,0, tblptrl, tblptrh, tblptru, cstack
 Tracked objects:
		On entry : 
		On exit  : 
		Unchanged: 
 Data sizes:     COMRAM   BANK0   BANK1   BANK2   BANK3   BANK4   BANK5
      Params:         0       0       0       0       0       0       0
      Locals:        18       0       0       0       0       0       0
      Temps:         10       0       0       0       0       0       0
      Totals:        28       0       0       0       0       0       0
Total ram usage:       28 bytes
 Hardware stack levels used:    1
 Hardware stack levels required when called:    2
 This function calls:
		_UART_Write_Text
		_judge
		_win
		i2_show
		i2_update
 This function is called by:
		Interrupt level 2
 This function uses a non-reentrant model


 *************** function i2_update *****************
 Defined at:
		line 1362 in file "main.c"
 Parameters:    Size  Location     Type
		None
 Auto vars:     Size  Location     Type
  j               2    8[COMRAM] int 
  i               2    6[COMRAM] int 
 Return value:  Size  Location     Type
                  2    0[None  ] int 
 Registers used:
		wreg, fsr2l, fsr2h, status,2, status,0
 Tracked objects:
		On entry : 
		On exit  : 
		Unchanged: 
 Data sizes:     COMRAM   BANK0   BANK1   BANK2   BANK3   BANK4   BANK5
      Params:         0       0       0       0       0       0       0
      Locals:         4       0       0       0       0       0       0
      Temps:          6       0       0       0       0       0       0
      Totals:        10       0       0       0       0       0       0
Total ram usage:       10 bytes
 Hardware stack levels used:    1
 This function calls:
		Nothing
 This function is called by:
		_Hi_ISR
 This function uses a non-reentrant model


 *************** function i2_show *****************
 Defined at:
		line 148 in file "main.c"
 Parameters:    Size  Location     Type
		None
 Auto vars:     Size  Location     Type
  i               2    4[COMRAM] int 
 Return value:  Size  Location     Type
                  1    wreg      void 
 Registers used:
		wreg, fsr2l, fsr2h, status,2, status,0
 Tracked objects:
		On entry : 
		On exit  : 
		Unchanged: 
 Data sizes:     COMRAM   BANK0   BANK1   BANK2   BANK3   BANK4   BANK5
      Params:         0       0       0       0       0       0       0
      Locals:         2       0       0       0       0       0       0
      Temps:          4       0       0       0       0       0       0
      Totals:         6       0       0       0       0       0       0
Total ram usage:        6 bytes
 Hardware stack levels used:    1
 This function calls:
		Nothing
 This function is called by:
		_Hi_ISR
 This function uses a non-reentrant model


 *************** function _win *****************
 Defined at:
		line 123 in file "main.c"
 Parameters:    Size  Location     Type
  player          2    0[COMRAM] int 
 Auto vars:     Size  Location     Type
  i               2    4[COMRAM] int 
 Return value:  Size  Location     Type
                  1    wreg      void 
 Registers used:
		wreg, fsr2l, fsr2h, status,2, status,0
 Tracked objects:
		On entry : 
		On exit  : 
		Unchanged: 
 Data sizes:     COMRAM   BANK0   BANK1   BANK2   BANK3   BANK4   BANK5
      Params:         2       0       0       0       0       0       0
      Locals:         2       0       0       0       0       0       0
      Temps:          2       0       0       0       0       0       0
      Totals:         6       0       0       0       0       0       0
Total ram usage:        6 bytes
 Hardware stack levels used:    1
 This function calls:
		Nothing
 This function is called by:
		_Hi_ISR
 This function uses a non-reentrant model


 *************** function _judge *****************
 Defined at:
		line 1178 in file "main.c"
 Parameters:    Size  Location     Type
		None
 Auto vars:     Size  Location     Type
  l               2   22[COMRAM] int 
  k               2   20[COMRAM] int 
  l               2   18[COMRAM] int 
  k               2   16[COMRAM] int 
  l               2   14[COMRAM] int 
  k               2   12[COMRAM] int 
  l               2   10[COMRAM] int 
  k               2    8[COMRAM] int 
  j               2   28[COMRAM] int 
  i               2   26[COMRAM] int 
  check_count     2   24[COMRAM] int 
 Return value:  Size  Location     Type
                  2    0[COMRAM] int 
 Registers used:
		wreg, fsr2l, fsr2h, status,2, status,0
 Tracked objects:
		On entry : 
		On exit  : 
		Unchanged: 
 Data sizes:     COMRAM   BANK0   BANK1   BANK2   BANK3   BANK4   BANK5
      Params:         2       0       0       0       0       0       0
      Locals:        22       0       0       0       0       0       0
      Temps:          6       0       0       0       0       0       0
      Totals:        30       0       0       0       0       0       0
Total ram usage:       30 bytes
 Hardware stack levels used:    1
 This function calls:
		Nothing
 This function is called by:
		_Hi_ISR
 This function uses a non-reentrant model


 *************** function _UART_Write_Text *****************
 Defined at:
		line 50 in file "setting_hardaware/uart.c"
 Parameters:    Size  Location     Type
  text            2    1[COMRAM] PTR unsigned char 
		 -> STR_8(4), STR_7(11), STR_6(8), STR_5(4), 
		 -> STR_4(4), STR_3(11), STR_2(8), STR_1(4), 
 Auto vars:     Size  Location     Type
  i               2    5[COMRAM] int 
 Return value:  Size  Location     Type
                  1    wreg      void 
 Registers used:
		wreg, status,2, status,0, tblptrl, tblptrh, tblptru, cstack
 Tracked objects:
		On entry : 
		On exit  : 
		Unchanged: 
 Data sizes:     COMRAM   BANK0   BANK1   BANK2   BANK3   BANK4   BANK5
      Params:         2       0       0       0       0       0       0
      Locals:         2       0       0       0       0       0       0
      Temps:          2       0       0       0       0       0       0
      Totals:         6       0       0       0       0       0       0
Total ram usage:        6 bytes
 Hardware stack levels used:    1
 Hardware stack levels required when called:    1
 This function calls:
		i2_UART_Write
 This function is called by:
		_Hi_ISR
 This function uses a non-reentrant model


 *************** function i2_UART_Write *****************
 Defined at:
		line 40 in file "setting_hardaware/uart.c"
 Parameters:    Size  Location     Type
  data            1    wreg     unsigned char 
 Auto vars:     Size  Location     Type
  data            1    0[COMRAM] unsigned char 
 Return value:  Size  Location     Type
                  1    wreg      void 
 Registers used:
		wreg
 Tracked objects:
		On entry : 
		On exit  : 
		Unchanged: 
 Data sizes:     COMRAM   BANK0   BANK1   BANK2   BANK3   BANK4   BANK5
      Params:         0       0       0       0       0       0       0
      Locals:         1       0       0       0       0       0       0
      Temps:          0       0       0       0       0       0       0
      Totals:         1       0       0       0       0       0       0
Total ram usage:        1 bytes
 Hardware stack levels used:    1
 This function calls:
		Nothing
 This function is called by:
		_UART_Write_Text
 This function uses a non-reentrant model



MODULE INFORMATION

Module		Function		Class		Link	Load	Size
setting_hardaware/interrupt_manager.c
		_INTERRUPT_Initialize		CODE           	05F8	0000	8

setting_hardaware/interrupt_manager.c estimated size: 8

C:\Program Files\Microchip\xc8\v2.30\pic\sources\c99\common\awmod.c
		___awmod       		CODE           	037C	0000	178

C:\Program Files\Microchip\xc8\v2.30\pic\sources\c99\common\awmod.c estimated size: 178

setting_hardaware/uart.c
		_Lo_ISR        		CODE           	0018	0000	84
		_MyusartRead   		CODE           	04B4	0000	70
		_UART_Write_Text		CODE           	7D58	0000	86
		_UART_Initialize		CODE           	0568	0000	34
		_UART_Write    		CODE           	058A	0000	24

setting_hardaware/uart.c estimated size: 298

setting_hardaware/ccp1.c
		_CCP1_Initialize		CODE           	05E4	0000	12

setting_hardaware/ccp1.c estimated size: 12

setting_hardaware/adc.c
		_ADC_Initialize		CODE           	05B8	0000	22

setting_hardaware/adc.c estimated size: 22

shared
		i2_UART_Write  		CODE           	05CE	0000	22
		__initialization		CODE           	0536	0000	36
		i2_show        		CODE           	389E	0000	12914
		i2_update      		CODE           	02C2	0000	186

shared estimated size: 13158

setting_hardaware/setting.c
		_OSCILLATOR_Initialize		CODE           	05F0	0000	8
		_SYSTEM_Initialize		CODE           	05A2	0000	22

setting_hardaware/setting.c estimated size: 30

main.c
		_input_output_initialize		CODE           	04FA	0000	60
		_update        		CODE           	0206	0000	188
		_judge         		CODE           	6B10	0000	2384
		_main          		CODE           	042E	0000	134
		_win           		CODE           	0070	0000	406
		_show          		CODE           	0628	0000	12918
		_Hi_ISR        		CODE           	0008	0000	2302
		_interrupt_initialize		CODE           	7DAE	0000	14

main.c estimated size: 18406

